// Jest Snapshot v1, https://goo.gl/fbAQLP

exports[`Test EmptyList component Match with snapashot 1`] = `
<View
  style={
    Array [
      Object {
        "alignItems": "center",
        "backgroundColor": "#1B232F",
        "flexBasis": 0,
        "flexGrow": 1,
        "flexShrink": 1,
        "justifyContent": "center",
        "paddingBottom": 60,
        "paddingLeft": 60,
        "paddingRight": 60,
        "paddingTop": 60,
      },
    ]
  }
>
  <Text
    style={
      Object {
        "transform": Array [
          Object {
            "rotate": "0deg",
          },
        ],
      }
    }
  >
    <Text
      allowFontScaling={false}
      style={
        Array [
          Object {
            "color": "#FFF",
            "fontSize": 64,
          },
          undefined,
          Object {
            "fontFamily": "FontAwesome",
            "fontStyle": "normal",
            "fontWeight": "normal",
          },
          Object {},
        ]
      }
    >
      ÔÑê
    </Text>
  </Text>
</View>
`;
